
> justine-kems@0.1.0 build
> next build

  Ôû▓ Next.js 14.2.14
  - Environments: .env.local

   Creating an optimized production build ...
node.exe : Failed to 
compile.
Au caractère Ligne:1 : 1
+ & "C:\Program 
Files\nodejs/node.exe" 
"C:\Program 
Files\nodejs/node_mo ...
+ ~~~~~~~~~~~~~~~~~~~~~~~~
~~~~~~~~~~~~~~~~~~~~~~~~~~
~~~~~~~~~~~~~~~~~~~
    + CategoryInfo        
      : NotSpecified: (F  
  ailed to compile.:Str   
 ing) [], RemoteExcept    
ion
    + FullyQualifiedError 
   Id : NativeCommandErr  
  or
 

./node_modules/.pnpm/@port
abletext+editor@6.5.1_@typ
es+react@18.3.28_react@18.
3.1/node_modules/@portable
text/editor/lib/index.js
Module not found: Package 
path ./compiler-runtime 
is not exported from 
package C:\Users\COMPUTER 
STORES\Downloads\projets 
ia\Projets des sites\Site 
cameroun\justine-kems\node
_modules\.pnpm\@portablete
xt+editor@6.5.1_@types+rea
ct@18.3.28_react@18.3.1\no
de_modules\react (see 
exports field in 
C:\Users\COMPUTER 
STORES\Downloads\projets 
ia\Projets des sites\Site 
cameroun\justine-kems\node
_modules\.pnpm\@portablete
xt+editor@6.5.1_@types+rea
ct@18.3.28_react@18.3.1\no
de_modules\react\package.j
son)

https://nextjs.org/docs/me
ssages/module-not-found

Import trace for 
requested module:
./node_modules/.pnpm/sanit
y@5.17.1_@emotion+is-p_b1c
232c3793e9775947402914931a
a7a/node_modules/sanity/li
b/index.js
./sanity.config.ts
./app/[locale]/studio/[[..
.index]]/Studio.tsx

./node_modules/.pnpm/@port
abletext+editor@6.5.1_@typ
es+react@18.3.28_react@18.
3.1/node_modules/@portable
text/editor/lib/plugins/in
dex.js
Module not found: Package 
path ./compiler-runtime 
is not exported from 
package C:\Users\COMPUTER 
STORES\Downloads\projets 
ia\Projets des sites\Site 
cameroun\justine-kems\node
_modules\.pnpm\@portablete
xt+editor@6.5.1_@types+rea
ct@18.3.28_react@18.3.1\no
de_modules\react (see 
exports field in 
C:\Users\COMPUTER 
STORES\Downloads\projets 
ia\Projets des sites\Site 
cameroun\justine-kems\node
_modules\.pnpm\@portablete
xt+editor@6.5.1_@types+rea
ct@18.3.28_react@18.3.1\no
de_modules\react\package.j
son)

https://nextjs.org/docs/me
ssages/module-not-found

Import trace for 
requested module:
./node_modules/.pnpm/sanit
y@5.17.1_@emotion+is-p_b1c
232c3793e9775947402914931a
a7a/node_modules/sanity/li
b/index.js
./sanity.config.ts
./app/[locale]/studio/[[..
.index]]/Studio.tsx

./node_modules/.pnpm/@port
abletext+plugin-charac_fc7
1ea7ef585762a87d1a97b9855d
7d5/node_modules/@portable
text/plugin-character-pair
-decorator/dist/index.js
Module not found: Package 
path ./compiler-runtime 
is not exported from 
package C:\Users\COMPUTER 
STORES\Downloads\projets 
ia\Projets des sites\Site 
cameroun\justine-kems\node
_modules\.pnpm\@portablete
xt+plugin-charac_fc71ea7ef
585762a87d1a97b9855d7d5\no
de_modules\react (see 
exports field in 
C:\Users\COMPUTER 
STORES\Downloads\projets 
ia\Projets des sites\Site 
cameroun\justine-kems\node
_modules\.pnpm\@portablete
xt+plugin-charac_fc71ea7ef
585762a87d1a97b9855d7d5\no
de_modules\react\package.j
son)

https://nextjs.org/docs/me
ssages/module-not-found

Import trace for 
requested module:
./node_modules/.pnpm/@port
abletext+plugin-markdo_d03
d5b85b0d287eccd2f389b04a3e
599/node_modules/@portable
text/plugin-markdown-short
cuts/dist/index.js
./node_modules/.pnpm/sanit
y@5.17.1_@emotion+is-p_b1c
232c3793e9775947402914931a
a7a/node_modules/sanity/li
b/index.js
./sanity.config.ts
./app/[locale]/studio/[[..
.index]]/Studio.tsx

./node_modules/.pnpm/@port
abletext+plugin-input-_d03
050772a02479989f556277f553
35b/node_modules/@portable
text/plugin-input-rule/dis
t/index.js
Module not found: Package 
path ./compiler-runtime 
is not exported from 
package C:\Users\COMPUTER 
STORES\Downloads\projets 
ia\Projets des sites\Site 
cameroun\justine-kems\node
_modules\.pnpm\@portablete
xt+plugin-input-_d03050772
a02479989f556277f55335b\no
de_modules\react (see 
exports field in 
C:\Users\COMPUTER 
STORES\Downloads\projets 
ia\Projets des sites\Site 
cameroun\justine-kems\node
_modules\.pnpm\@portablete
xt+plugin-input-_d03050772
a02479989f556277f55335b\no
de_modules\react\package.j
son)

https://nextjs.org/docs/me
ssages/module-not-found

Import trace for 
requested module:
./node_modules/.pnpm/@port
abletext+plugin-markdo_d03
d5b85b0d287eccd2f389b04a3e
599/node_modules/@portable
text/plugin-markdown-short
cuts/dist/index.js
./node_modules/.pnpm/sanit
y@5.17.1_@emotion+is-p_b1c
232c3793e9775947402914931a
a7a/node_modules/sanity/li
b/index.js
./sanity.config.ts
./app/[locale]/studio/[[..
.index]]/Studio.tsx

./node_modules/.pnpm/@port
abletext+plugin-markdo_d03
d5b85b0d287eccd2f389b04a3e
599/node_modules/@portable
text/plugin-markdown-short
cuts/dist/index.js
Module not found: Package 
path ./compiler-runtime 
is not exported from 
package C:\Users\COMPUTER 
STORES\Downloads\projets 
ia\Projets des sites\Site 
cameroun\justine-kems\node
_modules\.pnpm\@portablete
xt+plugin-markdo_d03d5b85b
0d287eccd2f389b04a3e599\no
de_modules\react (see 
exports field in 
C:\Users\COMPUTER 
STORES\Downloads\projets 
ia\Projets des sites\Site 
cameroun\justine-kems\node
_modules\.pnpm\@portablete
xt+plugin-markdo_d03d5b85b
0d287eccd2f389b04a3e599\no
de_modules\react\package.j
son)

https://nextjs.org/docs/me
ssages/module-not-found

Import trace for 
requested module:
./node_modules/.pnpm/sanit
y@5.17.1_@emotion+is-p_b1c
232c3793e9775947402914931a
a7a/node_modules/sanity/li
b/index.js
./sanity.config.ts
./app/[locale]/studio/[[..
.index]]/Studio.tsx


> Build failed because of 
webpack errors
