app/[locale]/a-propos/page.tsx(27,39): error TS7006: Parameter 'img' implicitly has an 'any' type.
app/[locale]/contact/page.tsx(4,102): error TS2304: Cannot find name 'Metadata'.
app/[locale]/contact/page.tsx(6,19): error TS2304: Cannot find name 'getTranslations'.
app/[locale]/contact/page.tsx(16,19): error TS2304: Cannot find name 'getTranslations'.
app/[locale]/contact/page.tsx(19,39): error TS7006: Parameter 'img' implicitly has an 'any' type.
app/[locale]/contact/page.tsx(105,14): error TS2304: Cannot find name 'ContactForm'.
app/[locale]/contact/page.tsx(140,8): error TS2304: Cannot find name 'Toaster'.
app/[locale]/formations/page.tsx(24,39): error TS7006: Parameter 'img' implicitly has an 'any' type.
